आज हम _एजुकेशनल टेक्नोलॉजी_ के घटकों- _हार्डवेयर_ और _सॉफ़्टवेयर_ नामक
टॉपिक पर चर्चा करने जा रहे हैं।
_आईसीटी_ और इंटरनेट की क्षमता को पहचानना, और _यूनिवर्शल एक्सेस_ को बढ़ावा देना

